// Jest Snapshot v1, https://goo.gl/fbAQLP

exports[`it renders a list of tags 1`] = `
<MultiValueFilter
  header="Tags"
  options={
    Object {
      "type": "tags",
      "values": Object {
        "good-quote": Object {
          "active": false,
          "label": "Good Quote",
        },
        "good-submission": Object {
          "active": false,
          "label": "Good Submission",
        },
      },
    }
  }
  updateFilters={[Function]}
>
  <div
    className="container__block -third"
  >
    <h2
      className="heading -delta"
    >
      Tags
    </h2>
    <ul
      className="aligned-actions"
    >
      <li
        key="good-submission"
      >
        <button
          className="tag"
          onClick={[Function]}
        >
          Good Submission
        </button>
      </li>
      <li
        key="good-quote"
      >
        <button
          className="tag"
          onClick={[Function]}
        >
          Good Quote
        </button>
      </li>
    </ul>
  </div>
</MultiValueFilter>
`;
