// Jest Snapshot v1, https://goo.gl/fbAQLP

exports[`renders correctly 1`] = `
<div
  className="post container__row"
>
  <div
    className="container__block -third images"
  >
    <div
      className="post__image"
    >
      <img
        src={null}
      />
    </div>
    <div
      className="admin-tools"
    >
      <div
        className="admin-tools__links"
      >
        <a
          href={null}
          target="_blank"
        >
          Original Photo
        </a>
        <br />
        <a
          href={null}
          target="_blank"
        >
          Edited Photo
        </a>
      </div>
    </div>
  </div>
  <div
    className="container__block -third"
  >
    <div>
      <div
        className="container -padded"
      >
        <div
          className="container"
        >
          <h4
            className="heading"
          >
            Photo Caption
          </h4>
          <p>
            Here is my awesome caption!
          </p>
        </div>
      </div>
      <div
        className="container"
      >
        <div
          className="container"
        >
          <h4
            className="heading"
          >
            Why Statement
          </h4>
          <p />
        </div>
      </div>
    </div>
  </div>
  <div
    className="container__block -third"
  >
    <div
      className="container__row"
    >
      <div>
        <ul
          className="form-actions -inline"
          style={
            Object {
              "marginTop": 0,
            }
          }
        >
          <li>
            <button
              className="button -outlined-button -accepted"
              onClick={[Function]}
            >
              accept
            </button>
          </li>
          <li>
            <button
              className="button -outlined-button -rejected"
              onClick={[Function]}
            >
              reject
            </button>
          </li>
        </ul>
        <ul
          className="form-actions -inline"
        >
          <li>
            <button
              className="button delete -tertiary"
              onClick={[Function]}
            >
              Delete
            </button>
          </li>
        </ul>
      </div>
    </div>
    <div
      className="container__row"
    >
      <div
        className="container"
      >
        <h4
          className="heading"
        >
          Meta
        </h4>
        <span>
          Post ID
          : 
          <br />
        </span>
        <span>
          Source
          : 
          <br />
        </span>
        <span>
          Submitted
          : 
          Invalid Date
          <br />
        </span>
        <span>
          Northstar Id
          : 
          <br />
        </span>
      </div>
    </div>
  </div>
</div>
`;
